// Jest Snapshot v1, https://goo.gl/fbAQLP

exports[`Properties list page Should be render data list 1`] = `
<body>
  <div>
    <div
      class="sc-bczRLJ khWAxr"
      data-testid="propertiesList-container"
    >
      <div
        class="MuiBox-root css-0"
      >
        <div
          class="css-a6j84v"
        >
          <div
            class="css-1iz4iln"
          >
            <svg
              aria-hidden="true"
              class="MuiSvgIcon-root MuiSvgIcon-fontSizeMedium css-i4bv87-MuiSvgIcon-root"
              data-testid="SearchIcon"
              focusable="false"
              viewBox="0 0 24 24"
            >
              <path
                d="M15.5 14h-.79l-.28-.27C15.41 12.59 16 11.11 16 9.5 16 5.91 13.09 3 9.5 3S3 5.91 3 9.5 5.91 16 9.5 16c1.61 0 3.09-.59 4.23-1.57l.27.28v.79l5 4.99L20.49 19l-4.99-5zm-6 0C7.01 14 5 11.99 5 9.5S7.01 5 9.5 5 14 7.01 14 9.5 11.99 14 9.5 14z"
              />
            </svg>
          </div>
          <div
            class="MuiInputBase-root MuiInputBase-colorPrimary css-pwxpp9-MuiInputBase-root"
          >
            <input
              aria-label="search"
              class="MuiInputBase-input css-yz9k0d-MuiInputBase-input"
              placeholder="Pesquisar..."
              type="text"
              value=""
            />
          </div>
          <div
            class="MuiInputBase-root MuiInputBase-colorPrimary Mui-focused css-8yhqw3-MuiInputBase-root"
          >
            <input
              class="MuiInputBase-input css-yz9k0d-MuiInputBase-input"
              type="text"
              value=""
            />
          </div>
          <div
            class="MuiBox-root css-0"
          />
        </div>
      </div>
      <ul
        class="MuiList-root MuiList-padding css-h4y409-MuiList-root"
        style="width: 100%;"
      />
      <div
        class="MuiDivider-root MuiDivider-fullWidth css-9mgopn-MuiDivider-root"
        role="separator"
        style="margin: 20px 20px 30px;"
      />
      <div
        class="css-1p5q5e5-MuiStack-root"
      >
        <nav
          aria-label="pagination navigation"
          class="MuiPagination-root MuiPagination-outlined css-1oj2twp-MuiPagination-root"
        >
          <ul
            class="MuiPagination-ul css-wjh20t-MuiPagination-ul"
          >
            <li>
              <button
                aria-label="Go to previous page"
                class="MuiButtonBase-root Mui-disabled MuiPaginationItem-root MuiPaginationItem-sizeLarge MuiPaginationItem-outlined MuiPaginationItem-circular MuiPaginationItem-outlinedPrimary Mui-disabled MuiPaginationItem-previousNext css-1ysyrvn-MuiButtonBase-root-MuiPaginationItem-root"
                disabled=""
                tabindex="-1"
                type="button"
              >
                <svg
                  aria-hidden="true"
                  class="MuiSvgIcon-root MuiSvgIcon-fontSizeMedium MuiPaginationItem-icon css-n8417t-MuiSvgIcon-root-MuiPaginationItem-icon"
                  data-testid="NavigateBeforeIcon"
                  focusable="false"
                  viewBox="0 0 24 24"
                >
                  <path
                    d="M15.41 7.41L14 6l-6 6 6 6 1.41-1.41L10.83 12z"
                  />
                </svg>
              </button>
            </li>
            <li>
              <button
                aria-label="Go to next page"
                class="MuiButtonBase-root Mui-disabled MuiPaginationItem-root MuiPaginationItem-sizeLarge MuiPaginationItem-outlined MuiPaginationItem-circular MuiPaginationItem-outlinedPrimary Mui-disabled MuiPaginationItem-previousNext css-1ysyrvn-MuiButtonBase-root-MuiPaginationItem-root"
                disabled=""
                tabindex="-1"
                type="button"
              >
                <svg
                  aria-hidden="true"
                  class="MuiSvgIcon-root MuiSvgIcon-fontSizeMedium MuiPaginationItem-icon css-n8417t-MuiSvgIcon-root-MuiPaginationItem-icon"
                  data-testid="NavigateNextIcon"
                  focusable="false"
                  viewBox="0 0 24 24"
                >
                  <path
                    d="M10 6L8.59 7.41 13.17 12l-4.58 4.59L10 18l6-6z"
                  />
                </svg>
              </button>
            </li>
          </ul>
        </nav>
      </div>
    </div>
  </div>
</body>
`;
