// Jest Snapshot v1, https://goo.gl/fbAQLP

exports[`Login page Should be render correctly 1`] = `
<body>
  <div>
    <div
      class="MuiBox-root css-rxpc3a"
      data-testid="loginContainer"
    >
      <div
        class="cardComp css-p1o44d"
      >
        <input
          class="inputComp css-lfv6wx"
          data-testid="username"
          name="username"
          placeholder="Email"
        />
        <input
          class="inputComp css-lfv6wx"
          data-testid="password"
          name="password"
          placeholder="Senha"
          type="password"
        />
        <button
          class="MuiButton-root MuiButton-text MuiButton-textPrimary MuiButton-sizeMedium MuiButton-textSizeMedium MuiButtonBase-root Mui-disabled buttonComp css-1lf06eb-MuiButtonBase-root-MuiButton-root"
          data-testid="button-login"
          disabled=""
          mycolor="blue"
          tabindex="-1"
          type="button"
        >
          Entrar
        </button>
      </div>
    </div>
  </div>
</body>
`;
