// Jest Snapshot v1, https://goo.gl/fbAQLP

exports[`App component Should render Login page correctly 1`] = `
<body>
  <div>
    <div
      class="appComp MuiBox-root css-15qaphf"
      data-testid="appContainer"
    >
      <div
        class="MuiBox-root css-rxpc3a"
        data-testid="loginContainer"
      >
        <div
          class="cardComp css-1cqx39i"
        >
          <input
            class="inputComp css-lfv6wx"
            data-testid="username"
            name="username"
            placeholder="Email"
          />
          <input
            class="inputComp css-lfv6wx"
            data-testid="password"
            name="password"
            placeholder="Senha"
            type="password"
          />
          <button
            class="MuiButton-root MuiButton-text MuiButton-textPrimary MuiButton-sizeMedium MuiButton-textSizeMedium MuiButtonBase-root Mui-disabled buttonComp css-9lx9nm-MuiButtonBase-root-MuiButton-root"
            data-testid="button-login"
            disabled=""
            mycolor="blue"
            tabindex="-1"
            type="button"
          >
            Entrar
          </button>
        </div>
      </div>
    </div>
  </div>
</body>
`;

exports[`App component There is no REACT_APP_API_BASE_URL env 1`] = `
<body>
  <div>
    <div
      class="MuiBox-root css-1522gkx"
      data-testid="appErrorContainer"
    >
      Check your ENVs.
    </div>
  </div>
</body>
`;

exports[`App component There is no REACT_APP_ENVIRONMENT env 1`] = `
<body>
  <div>
    <div
      class="MuiBox-root css-1522gkx"
      data-testid="appErrorContainer"
    >
      Check your ENVs.
    </div>
  </div>
</body>
`;
