// Jest Snapshot v1, https://goo.gl/fbAQLP

exports[`Input component Should render correctly type text with readOnly 1`] = `
<body>
  <div>
    <input
      class="inputComp css-lfv6wx"
      data-testid="test-id"
      name="test"
      readonly=""
      type="text"
      value="Test do Test"
    />
  </div>
</body>
`;
